{
  "exclude": {
    "files": "^.secrets.baseline$",
    "lines": null
  },
  "generated_at": "2026-09-21T10:58:36Z",
  "plugins_used": [
    {
      "name": "AWSKeyDetector"
    },
    {
      "name": "ArtifactoryDetector"
    },
    {
      "name": "AzureStorageKeyDetector"
    },
    {
      "base64_limit": 4.5,
      "name": "Base64HighEntropyString"
    },
    {
      "name": "BasicAuthDetector"
    },
    {
      "name": "BoxDetector"
    },
    {
      "name": "CloudantDetector"
    },
    {
      "ghe_instance": "github.ibm.com",
      "name": "GheDetector"
    },
    {
      "name": "GitHubTokenDetector"
    },
    {
      "hex_limit": 3,
      "name": "HexHighEntropyString"
    },
    {
      "name": "IbmCloudIamDetector"
    },
    {
      "name": "IbmCosHmacDetector"
    },
    {
      "name": "JwtTokenDetector"
    },
    {
      "keyword_exclude": null,
      "name": "KeywordDetector"
    },
    {
      "name": "MailchimpDetector"
    },
    {
      "name": "NpmDetector"
    },
    {
      "name": "PrivateKeyDetector"
    },
    {
      "name": "SlackDetector"
    },
    {
      "name": "SoftlayerDetector"
    },
    {
      "name": "SquareOAuthDetector"
    },
    {
      "name": "StripeDetector"
    },
    {
      "name": "TwilioKeyDetector"
    }
  ],
  "results": {
    "README.md": [
      {
        "hashed_secret": "32e8612d8ca77c7ea8374aa7918db8e5df9252ed",
        "is_verified": false,
        "line_number": 112,
        "type": "Secret Keyword",
        "verified_result": null,
        "is_secret": false
      },
      {
        "hashed_secret": "f8d1786cf7a23d7c5e90dc84390f00ec8874ee73",
        "is_verified": false,
        "line_number": 145,
        "type": "Secret Keyword",
        "verified_result": null,
        "is_secret": false
      }
    ],
    "go.sum": [
      {
        "hashed_secret": "95e000ae60172780fc1458e02d8a506e26bc4b04",
        "is_verified": false,
        "line_number": 1,
        "type": "Base64 High Entropy String",
        "verified_result": null,
        "is_secret": false
      },
      {
        "hashed_secret": "cf459f22dfd5274a8dcfad88170898e216174b66",
        "is_verified": false,
        "line_number": 2,
        "type": "Base64 High Entropy String",
        "verified_result": null,
        "is_secret": false
      },
      {
        "hashed_secret": "4dbbe18874344f8a812138c0c9b17841a5fab11d",
        "is_verified": false,
        "line_number": 4,
        "type": "Base64 High Entropy String",
        "verified_result": null,
        "is_secret": false
      },
      {
        "hashed_secret": "91d88e07d73f799d6759c5f23529713b55d2d19c",
        "is_verified": false,
        "line_number": 5,
        "type": "Base64 High Entropy String",
        "verified_result": null,
        "is_secret": false
      },
      {
        "hashed_secret": "cf617204084cc4760a5c17015f65547701152f6c",
        "is_verified": false,
        "line_number": 6,
        "type": "Base64 High Entropy String",
        "verified_result": null,
        "is_secret": false
      },
      {
        "hashed_secret": "b5d652e0682d37e31f140ad41f7774e4fd920342",
        "is_verified": false,
        "line_number": 7,
        "type": "Base64 High Entropy String",
        "verified_result": null,
        "is_secret": false
      },
      {
        "hashed_secret": "1ea50ed3418892992dbdf1062984e13f38e9e8a2",
        "is_verified": false,
        "line_number": 8,
        "type": "Base64 High Entropy String",
        "verified_result": null,
        "is_secret": false
      },
      {
        "hashed_secret": "61feae9170ed2b9e3e52c152e51ca18ecb9a282c",
        "is_verified": false,
        "line_number": 9,
        "type": "Base64 High Entropy String",
        "verified_result": null,
        "is_secret": false
      },
      {
        "hashed_secret": "d1095df8add3bcff2d867e38fb43f44f282a822c",
        "is_verified": false,
        "line_number": 10,
        "type": "Base64 High Entropy String",
        "verified_result": null,
        "is_secret": false
      },
      {
        "hashed_secret": "3a05fb13290994826910777668123f1ff38798ee",
        "is_verified": false,
        "line_number": 11,
        "type": "Base64 High Entropy String",
        "verified_result": null,
        "is_secret": false
      },
      {
        "hashed_secret": "8a827be6a631c79cf305d18c33af7b6086a52b3e",
        "is_verified": false,
        "line_number": 12,
        "type": "Base64 High Entropy String",
        "verified_result": null,
        "is_secret": false
      },
      {
        "hashed_secret": "e0b65e65c06fdda8dd0d28204ed3625fdfb8c30a",
        "is_verified": false,
        "line_number": 13,
        "type": "Base64 High Entropy String",
        "verified_result": null,
        "is_secret": false
      },
      {
        "hashed_secret": "5767083a5df3b038c0355aa191a5dbaf2b625487",
        "is_verified": false,
        "line_number": 14,
        "type": "Base64 High Entropy String",
        "verified_result": null,
        "is_secret": false
      },
      {
        "hashed_secret": "82f7a6442dac786aae74e5f0d083d1de99c2c82a",
        "is_verified": false,
        "line_number": 15,
        "type": "Base64 High Entropy String",
        "verified_result": null,
        "is_secret": false
      },
      {
        "hashed_secret": "338df6808dfcf1869f483585e1c4bdcf1b7a3c7d",
        "is_verified": false,
        "line_number": 16,
        "type": "Base64 High Entropy String",
        "verified_result": null,
        "is_secret": false
      },
      {
        "hashed_secret": "1c0a03fbc6b244c367d8c0644dda9c8e5156a7f6",
        "is_verified": false,
        "line_number": 17,
        "type": "Base64 High Entropy String",
        "verified_result": null,
        "is_secret": false
      },
      {
        "hashed_secret": "ea15c811af22f8ab49a964f5e04518db653296fe",
        "is_verified": false,
        "line_number": 18,
        "type": "Base64 High Entropy String",
        "verified_result": null,
        "is_secret": false
      },
      {
        "hashed_secret": "bd6689dfd27e14a525434bbd1c0db9527fc54f9a",
        "is_verified": false,
        "line_number": 19,
        "type": "Base64 High Entropy String",
        "verified_result": null,
        "is_secret": false
      },
      {
        "hashed_secret": "dc15ffe7f53db8bf8a47ec9cdbc2a56d7a0510f8",
        "is_verified": false,
        "line_number": 20,
        "type": "Base64 High Entropy String",
        "verified_result": null,
        "is_secret": false
      },
      {
        "hashed_secret": "93d017e6fa88cada0161cdeda1c7ebf1b88b9788",
        "is_verified": false,
        "line_number": 21,
        "type": "Base64 High Entropy String",
        "verified_result": null,
        "is_secret": false
      },
      {
        "hashed_secret": "2e8675076e8260060b1f29e2bc1552b66f1d8d33",
        "is_verified": false,
        "line_number": 22,
        "type": "Base64 High Entropy String",
        "verified_result": null,
        "is_secret": false
      },
      {
        "hashed_secret": "98e709b6551cce2d19fc697a9b6c462d5c962a9a",
        "is_verified": false,
        "line_number": 23,
        "type": "Base64 High Entropy String",
        "verified_result": null,
        "is_secret": false
      },
      {
        "hashed_secret": "ac459f61b4e74a6982af1b1ad594efc6a473811e",
        "is_verified": false,
        "line_number": 24,
        "type": "Base64 High Entropy String",
        "verified_result": null,
        "is_secret": false
      },
      {
        "hashed_secret": "5ac5c57da973ad0e5290da69eb99434afd8ce4d6",
        "is_verified": false,
        "line_number": 25,
        "type": "Base64 High Entropy String",
        "verified_result": null,
        "is_secret": false
      },
      {
        "hashed_secret": "0038893d3c936cbe7ad2b05c7dd801243a570f22",
        "is_verified": false,
        "line_number": 26,
        "type": "Base64 High Entropy String",
        "verified_result": null,
        "is_secret": false
      },
      {
        "hashed_secret": "875d9b53ec2c8be293743205e2e7000a3c45da15",
        "is_verified": false,
        "line_number": 27,
        "type": "Base64 High Entropy String",
        "verified_result": null,
        "is_secret": false
      },
      {
        "hashed_secret": "925d18acb08e8ba6d65da304a2182da7d5db647f",
        "is_verified": false,
        "line_number": 28,
        "type": "Base64 High Entropy String",
        "verified_result": null,
        "is_secret": false
      },
      {
        "hashed_secret": "5c07fe19a4857daf121f6eb395ca69ef3ad61972",
        "is_verified": false,
        "line_number": 29,
        "type": "Base64 High Entropy String",
        "verified_result": null,
        "is_secret": false
      },
      {
        "hashed_secret": "4fb18fc74dca10136741c8fae75f110b36547ecb",
        "is_verified": false,
        "line_number": 30,
        "type": "Base64 High Entropy String",
        "verified_result": null,
        "is_secret": false
      },
      {
        "hashed_secret": "dcd5a94e847ae345720515a86b5c38909ed7e292",
        "is_verified": false,
        "line_number": 31,
        "type": "Base64 High Entropy String",
        "verified_result": null,
        "is_secret": false
      },
      {
        "hashed_secret": "7dd27da115c0e5a2c6b17177d87db0398f588e2c",
        "is_verified": false,
        "line_number": 32,
        "type": "Base64 High Entropy String",
        "verified_result": null,
        "is_secret": false
      },
      {
        "hashed_secret": "4737e19de813b5450978d93dffa8696c47d50a69",
        "is_verified": false,
        "line_number": 33,
        "type": "Base64 High Entropy String",
        "verified_result": null,
        "is_secret": false
      },
      {
        "hashed_secret": "e49dc38710a2391fde4db5f07a7ed4318127f040",
        "is_verified": false,
        "line_number": 34,
        "type": "Base64 High Entropy String",
        "verified_result": null,
        "is_secret": false
      },
      {
        "hashed_secret": "6ee57305457a0e5f69f7e809fd8de962abcaf307",
        "is_verified": false,
        "line_number": 35,
        "type": "Base64 High Entropy String",
        "verified_result": null,
        "is_secret": false
      },
      {
        "hashed_secret": "d16c127ea2611457aa481bf259948e6f0d369f51",
        "is_verified": false,
        "line_number": 36,
        "type": "Base64 High Entropy String",
        "verified_result": null,
        "is_secret": false
      },
      {
        "hashed_secret": "fa5b74e1798f4a165c2148ddb49338b4364049e3",
        "is_verified": false,
        "line_number": 38,
        "type": "Base64 High Entropy String",
        "verified_result": null,
        "is_secret": false
      },
      {
        "hashed_secret": "2019200cc0bc83a5a95da30ea65c795d6cef8d80",
        "is_verified": false,
        "line_number": 39,
        "type": "Base64 High Entropy String",
        "verified_result": null,
        "is_secret": false
      },
      {
        "hashed_secret": "663ff96310add0b89fc17989804355fd71961587",
        "is_verified": false,
        "line_number": 40,
        "type": "Base64 High Entropy String",
        "verified_result": null,
        "is_secret": false
      },
      {
        "hashed_secret": "60b6054f8e077d77f63d8abccfe3c58496ef9314",
        "is_verified": false,
        "line_number": 41,
        "type": "Base64 High Entropy String",
        "verified_result": null,
        "is_secret": false
      },
      {
        "hashed_secret": "8354e491f232fcc2d3b615a76d7e0bdac465112e",
        "is_verified": false,
        "line_number": 44,
        "type": "Base64 High Entropy String",
        "verified_result": null,
        "is_secret": false
      },
      {
        "hashed_secret": "790de52084fe0f767242422a57b54ae5f30f7726",
        "is_verified": false,
        "line_number": 45,
        "type": "Base64 High Entropy String",
        "verified_result": null,
        "is_secret": false
      },
      {
        "hashed_secret": "8c3e2d8759e304ce512eabb35feeaec35edba344",
        "is_verified": false,
        "line_number": 46,
        "type": "Base64 High Entropy String",
        "verified_result": null,
        "is_secret": false
      },
      {
        "hashed_secret": "be49fbb6e19d4f6461420b68a3c23127b8345dd1",
        "is_verified": false,
        "line_number": 47,
        "type": "Base64 High Entropy String",
        "verified_result": null,
        "is_secret": false
      },
      {
        "hashed_secret": "b8b106e32e75ee6cdc32f77a8c39bf9d69d45095",
        "is_verified": false,
        "line_number": 48,
        "type": "Base64 High Entropy String",
        "verified_result": null,
        "is_secret": false
      },
      {
        "hashed_secret": "585a3dec2fb4d45b2e2785d75163ff54c01929fb",
        "is_verified": false,
        "line_number": 49,
        "type": "Base64 High Entropy String",
        "verified_result": null,
        "is_secret": false
      },
      {
        "hashed_secret": "7a878fd8bf2097f6a1b00f9ce788bfa9d53f90c9",
        "is_verified": false,
        "line_number": 50,
        "type": "Base64 High Entropy String",
        "verified_result": null,
        "is_secret": false
      },
      {
        "hashed_secret": "5b66e2978a7616f5afd00f0ecf94193b9a27d29b",
        "is_verified": false,
        "line_number": 51,
        "type": "Base64 High Entropy String",
        "verified_result": null,
        "is_secret": false
      },
      {
        "hashed_secret": "76860560c5c56bdf996ce1e495f5c8266fbca7be",
        "is_verified": false,
        "line_number": 52,
        "type": "Base64 High Entropy String",
        "verified_result": null,
        "is_secret": false
      },
      {
        "hashed_secret": "6dddc3f382937d931592bdda8357bb2369a00af6",
        "is_verified": false,
        "line_number": 53,
        "type": "Base64 High Entropy String",
        "verified_result": null,
        "is_secret": false
      },
      {
        "hashed_secret": "de983788a776b2c20ea3c64eba3819390446dd71",
        "is_verified": false,
        "line_number": 54,
        "type": "Base64 High Entropy String",
        "verified_result": null,
        "is_secret": false
      },
      {
        "hashed_secret": "003731bc576ff7267b5ba3d17b514ae37f1fb231",
        "is_verified": false,
        "line_number": 55,
        "type": "Base64 High Entropy String",
        "verified_result": null,
        "is_secret": false
      },
      {
        "hashed_secret": "3db5859b2a1d3aa7685d7d0a4d64d13f5ff81eca",
        "is_verified": false,
        "line_number": 56,
        "type": "Base64 High Entropy String",
        "verified_result": null,
        "is_secret": false
      },
      {
        "hashed_secret": "086dd87894eba7fc3e7955c73ea0cfbec48fa90b",
        "is_verified": false,
        "line_number": 57,
        "type": "Base64 High Entropy String",
        "verified_result": null,
        "is_secret": false
      },
      {
        "hashed_secret": "546c68910df62ae8ba7e7909efc4bc00910090b4",
        "is_verified": false,
        "line_number": 58,
        "type": "Base64 High Entropy String",
        "verified_result": null,
        "is_secret": false
      },
      {
        "hashed_secret": "fd4a54ec92b75c87c5299f79ae223449d97bdb87",
        "is_verified": false,
        "line_number": 59,
        "type": "Base64 High Entropy String",
        "verified_result": null,
        "is_secret": false
      },
      {
        "hashed_secret": "f7e55d2d356a3185be314236c216cf8eef4244e0",
        "is_verified": false,
        "line_number": 62,
        "type": "Base64 High Entropy String",
        "verified_result": null,
        "is_secret": false
      },
      {
        "hashed_secret": "d81a72f29c2e15aa57c56c074e048271d74591e9",
        "is_verified": false,
        "line_number": 63,
        "type": "Base64 High Entropy String",
        "verified_result": null,
        "is_secret": false
      },
      {
        "hashed_secret": "264589dec6405c522b5fb34c3c2d0255f996c871",
        "is_verified": false,
        "line_number": 64,
        "type": "Base64 High Entropy String",
        "verified_result": null,
        "is_secret": false
      },
      {
        "hashed_secret": "a949272bdece7070a70cf5391981736878d75741",
        "is_verified": false,
        "line_number": 65,
        "type": "Base64 High Entropy String",
        "verified_result": null,
        "is_secret": false
      },
      {
        "hashed_secret": "82b1331f41f4bfc1aba6e5bbf9f954d23db42abe",
        "is_verified": false,
        "line_number": 66,
        "type": "Base64 High Entropy String",
        "verified_result": null,
        "is_secret": false
      },
      {
        "hashed_secret": "abc7829b50c477169ccb211b837bd158fa6ef894",
        "is_verified": false,
        "line_number": 67,
        "type": "Base64 High Entropy String",
        "verified_result": null,
        "is_secret": false
      },
      {
        "hashed_secret": "f64debb1931dab7bea29a03227af02c2826cbf16",
        "is_verified": false,
        "line_number": 68,
        "type": "Base64 High Entropy String",
        "verified_result": null,
        "is_secret": false
      },
      {
        "hashed_secret": "9fa58bf1d183cec4d8d96f98408adb62c9d49b7b",
        "is_verified": false,
        "line_number": 69,
        "type": "Base64 High Entropy String",
        "verified_result": null,
        "is_secret": false
      },
      {
        "hashed_secret": "7865f3f9afe093d267ecb4c01a90c166091cb278",
        "is_verified": false,
        "line_number": 70,
        "type": "Base64 High Entropy String",
        "verified_result": null,
        "is_secret": false
      },
      {
        "hashed_secret": "c382813ad978b45fb54312f408087e014b4374eb",
        "is_verified": false,
        "line_number": 71,
        "type": "Base64 High Entropy String",
        "verified_result": null,
        "is_secret": false
      },
      {
        "hashed_secret": "f16e20544c05634663c76b999b6707da9f0ecbcc",
        "is_verified": false,
        "line_number": 72,
        "type": "Base64 High Entropy String",
        "verified_result": null,
        "is_secret": false
      },
      {
        "hashed_secret": "c279c639086a69d5210fb8521976b08306389f1f",
        "is_verified": false,
        "line_number": 73,
        "type": "Base64 High Entropy String",
        "verified_result": null,
        "is_secret": false
      },
      {
        "hashed_secret": "94dfbb256853b021970cc9da0c13444717817a1a",
        "is_verified": false,
        "line_number": 74,
        "type": "Base64 High Entropy String",
        "verified_result": null,
        "is_secret": false
      },
      {
        "hashed_secret": "63c6d398aec28e266afb43a1d08b7fe3399d77db",
        "is_verified": false,
        "line_number": 75,
        "type": "Base64 High Entropy String",
        "verified_result": null,
        "is_secret": false
      },
      {
        "hashed_secret": "86163936f3445e8c9f55eedb11dc67297380844c",
        "is_verified": false,
        "line_number": 76,
        "type": "Base64 High Entropy String",
        "verified_result": null,
        "is_secret": false
      },
      {
        "hashed_secret": "d27eea70613f1d7c84809a876cf76f55d3cbb08d",
        "is_verified": false,
        "line_number": 77,
        "type": "Base64 High Entropy String",
        "verified_result": null,
        "is_secret": false
      },
      {
        "hashed_secret": "e4bf1e1670b740f24aae93d3d436a61309a5e1cd",
        "is_verified": false,
        "line_number": 78,
        "type": "Base64 High Entropy String",
        "verified_result": null,
        "is_secret": false
      },
      {
        "hashed_secret": "7820c7ee8b7ee82b996641a1e376860a40018fcc",
        "is_verified": false,
        "line_number": 79,
        "type": "Base64 High Entropy String",
        "verified_result": null,
        "is_secret": false
      },
      {
        "hashed_secret": "172a1a1428e38e5f854b815bc25cf61a4994da86",
        "is_verified": false,
        "line_number": 80,
        "type": "Base64 High Entropy String",
        "verified_result": null,
        "is_secret": false
      },
      {
        "hashed_secret": "0918088df56ab0144ab80845726914b6f5762aa9",
        "is_verified": false,
        "line_number": 81,
        "type": "Base64 High Entropy String",
        "verified_result": null,
        "is_secret": false
      },
      {
        "hashed_secret": "d52ce8433120334dcd4f67da1f656f764550aecc",
        "is_verified": false,
        "line_number": 82,
        "type": "Base64 High Entropy String",
        "verified_result": null,
        "is_secret": false
      },
      {
        "hashed_secret": "6d1620ca591257020f2bea1872e4e572f6eba61e",
        "is_verified": false,
        "line_number": 83,
        "type": "Base64 High Entropy String",
        "verified_result": null,
        "is_secret": false
      },
      {
        "hashed_secret": "75ffce08524fc1c43818348b6eaac13aa47cb092",
        "is_verified": false,
        "line_number": 84,
        "type": "Base64 High Entropy String",
        "verified_result": null,
        "is_secret": false
      },
      {
        "hashed_secret": "f38e9ef8c1c86046adf9dc09e7fdc5a91722af44",
        "is_verified": false,
        "line_number": 85,
        "type": "Base64 High Entropy String",
        "verified_result": null,
        "is_secret": false
      },
      {
        "hashed_secret": "e8ed1fae62cd103ca138411dec0d7604d582d64d",
        "is_verified": false,
        "line_number": 86,
        "type": "Base64 High Entropy String",
        "verified_result": null,
        "is_secret": false
      },
      {
        "hashed_secret": "bf5b914454bf2d472be60acb49a2e646cb1139a7",
        "is_verified": false,
        "line_number": 87,
        "type": "Base64 High Entropy String",
        "verified_result": null,
        "is_secret": false
      },
      {
        "hashed_secret": "3bbee69c41c25a30b8b19a37c6b77570b259574e",
        "is_verified": false,
        "line_number": 88,
        "type": "Base64 High Entropy String",
        "verified_result": null,
        "is_secret": false
      },
      {
        "hashed_secret": "c27f2a8fe63481e54eb7528fa4d7bd5372f3099e",
        "is_verified": false,
        "line_number": 89,
        "type": "Base64 High Entropy String",
        "verified_result": null,
        "is_secret": false
      },
      {
        "hashed_secret": "e2c6d9dcad0b82cb04dca2a2166e3a7c4598574c",
        "is_verified": false,
        "line_number": 90,
        "type": "Base64 High Entropy String",
        "verified_result": null,
        "is_secret": false
      },
      {
        "hashed_secret": "0a8ed0038b47fe6328f04a9ddf48588c6e985799",
        "is_verified": false,
        "line_number": 91,
        "type": "Base64 High Entropy String",
        "verified_result": null,
        "is_secret": false
      },
      {
        "hashed_secret": "5da273afaf9502a41d1c66a1b98853daec47eb74",
        "is_verified": false,
        "line_number": 92,
        "type": "Base64 High Entropy String",
        "verified_result": null,
        "is_secret": false
      },
      {
        "hashed_secret": "f4cc785e18205b3d95428a01dfa61662a045ad84",
        "is_verified": false,
        "line_number": 93,
        "type": "Base64 High Entropy String",
        "verified_result": null,
        "is_secret": false
      },
      {
        "hashed_secret": "af58e693e1b2d980ed923a3a65bacd88033d1c9d",
        "is_verified": false,
        "line_number": 96,
        "type": "Base64 High Entropy String",
        "verified_result": null,
        "is_secret": false
      },
      {
        "hashed_secret": "0ce1bbf44cfc3e9ac535b22293940f5ace10a031",
        "is_verified": false,
        "line_number": 98,
        "type": "Base64 High Entropy String",
        "verified_result": null,
        "is_secret": false
      },
      {
        "hashed_secret": "ebce33ed93c15294766862efead26a0fe7c1b480",
        "is_verified": false,
        "line_number": 105,
        "type": "Base64 High Entropy String",
        "verified_result": null,
        "is_secret": false
      },
      {
        "hashed_secret": "01cc9bc51bf3fa82306f40389795abe791c0ea06",
        "is_verified": false,
        "line_number": 106,
        "type": "Base64 High Entropy String",
        "verified_result": null,
        "is_secret": false
      },
      {
        "hashed_secret": "bb50ec926a29ac0e71fbf8d55250340d004542aa",
        "is_verified": false,
        "line_number": 107,
        "type": "Base64 High Entropy String",
        "verified_result": null,
        "is_secret": false
      },
      {
        "hashed_secret": "ea5786194cab15f765e722dfa42cf955a01fefb6",
        "is_verified": false,
        "line_number": 108,
        "type": "Base64 High Entropy String",
        "verified_result": null,
        "is_secret": false
      },
      {
        "hashed_secret": "6c76abe4bb26384b9ff06c9ef66352708b9368f1",
        "is_verified": false,
        "line_number": 109,
        "type": "Base64 High Entropy String",
        "verified_result": null,
        "is_secret": false
      },
      {
        "hashed_secret": "75ab864f84af321656ed52959dd5be6b7d1ecb09",
        "is_verified": false,
        "line_number": 110,
        "type": "Base64 High Entropy String",
        "verified_result": null,
        "is_secret": false
      },
      {
        "hashed_secret": "72e0f1b8d213bc5371e0096679dbe38486d79576",
        "is_verified": false,
        "line_number": 111,
        "type": "Base64 High Entropy String",
        "verified_result": null,
        "is_secret": false
      },
      {
        "hashed_secret": "1bbcedaac13ce6dd90af3570931bf9e7846a95b4",
        "is_verified": false,
        "line_number": 112,
        "type": "Base64 High Entropy String",
        "verified_result": null,
        "is_secret": false
      },
      {
        "hashed_secret": "4ef548550ab47a3cf6306d34075d8065ed95d0f1",
        "is_verified": false,
        "line_number": 113,
        "type": "Base64 High Entropy String",
        "verified_result": null,
        "is_secret": false
      },
      {
        "hashed_secret": "1acf1f8876ac6001592457efc5266bee6c77fcdd",
        "is_verified": false,
        "line_number": 114,
        "type": "Base64 High Entropy String",
        "verified_result": null,
        "is_secret": false
      },
      {
        "hashed_secret": "9e7a1e88182dda9e6644073a0aa78c0527a50b83",
        "is_verified": false,
        "line_number": 115,
        "type": "Base64 High Entropy String",
        "verified_result": null,
        "is_secret": false
      },
      {
        "hashed_secret": "c5f1dc3654012c916a5925ee4c98d546f43596ab",
        "is_verified": false,
        "line_number": 119,
        "type": "Base64 High Entropy String",
        "verified_result": null,
        "is_secret": false
      },
      {
        "hashed_secret": "53841d991955491da9bf5c9b6b659d74add5277c",
        "is_verified": false,
        "line_number": 120,
        "type": "Base64 High Entropy String",
        "verified_result": null,
        "is_secret": false
      },
      {
        "hashed_secret": "0b0f5ca4ca6da578241307c461254eaf2c5863fe",
        "is_verified": false,
        "line_number": 121,
        "type": "Base64 High Entropy String",
        "verified_result": null,
        "is_secret": false
      },
      {
        "hashed_secret": "ef80978fcb29a68d459ae6feaba1a35c7d18fdca",
        "is_verified": false,
        "line_number": 122,
        "type": "Base64 High Entropy String",
        "verified_result": null,
        "is_secret": false
      },
      {
        "hashed_secret": "84f9c8c0dffcdf2193586bdf93d8c36b56f3edde",
        "is_verified": false,
        "line_number": 123,
        "type": "Base64 High Entropy String",
        "verified_result": null,
        "is_secret": false
      },
      {
        "hashed_secret": "24db62a12b13e70a93cabffd5d725c72008933db",
        "is_verified": false,
        "line_number": 124,
        "type": "Base64 High Entropy String",
        "verified_result": null,
        "is_secret": false
      },
      {
        "hashed_secret": "988c74be8d68c3a29a1b1c07604c0f0359377ff7",
        "is_verified": false,
        "line_number": 125,
        "type": "Base64 High Entropy String",
        "verified_result": null,
        "is_secret": false
      },
      {
        "hashed_secret": "b665f025f54aab9ff1ab379db163301943abc525",
        "is_verified": false,
        "line_number": 126,
        "type": "Base64 High Entropy String",
        "verified_result": null,
        "is_secret": false
      },
      {
        "hashed_secret": "722320d287126a8fc30b8b80f48235b54796844f",
        "is_verified": false,
        "line_number": 127,
        "type": "Base64 High Entropy String",
        "verified_result": null,
        "is_secret": false
      },
      {
        "hashed_secret": "aa945027601e7b92be504f177761e51cd2fc9293",
        "is_verified": false,
        "line_number": 128,
        "type": "Base64 High Entropy String",
        "verified_result": null,
        "is_secret": false
      },
      {
        "hashed_secret": "f7e6de6194084eb8fa6006279a81dfd995b1156b",
        "is_verified": false,
        "line_number": 129,
        "type": "Base64 High Entropy String",
        "verified_result": null,
        "is_secret": false
      },
      {
        "hashed_secret": "7a2955f49234ec1ff105b1e0ec6f8ae8b855d6c3",
        "is_verified": false,
        "line_number": 130,
        "type": "Base64 High Entropy String",
        "verified_result": null,
        "is_secret": false
      },
      {
        "hashed_secret": "5c1af4298c8b37207a67a6e784f62ac4a5a2b777",
        "is_verified": false,
        "line_number": 131,
        "type": "Base64 High Entropy String",
        "verified_result": null,
        "is_secret": false
      },
      {
        "hashed_secret": "0bfcf978179e9b9371d132d9fd4065909f1fa3e6",
        "is_verified": false,
        "line_number": 134,
        "type": "Base64 High Entropy String",
        "verified_result": null,
        "is_secret": false
      },
      {
        "hashed_secret": "cb0b802e292da83d31d114c50955b5bba61f0466",
        "is_verified": false,
        "line_number": 135,
        "type": "Base64 High Entropy String",
        "verified_result": null,
        "is_secret": false
      },
      {
        "hashed_secret": "505ff268aacc47fca9d31a977b7480e93e10728a",
        "is_verified": false,
        "line_number": 136,
        "type": "Base64 High Entropy String",
        "verified_result": null,
        "is_secret": false
      }
    ],
    "schematicsv1/schematics_v1.go": [
      {
        "hashed_secret": "0a59ed1cc045e18b7022e20a3aad7cb34b3c4e4f",
        "is_verified": false,
        "line_number": 578,
        "type": "Secret Keyword",
        "verified_result": null,
        "is_secret": false
      },
      {
        "hashed_secret": "f2999bccb89cba44c3b50a007d4d7047b61868aa",
        "is_verified": false,
        "line_number": 2630,
        "type": "Secret Keyword",
        "verified_result": null,
        "is_secret": false
      },
      {
        "hashed_secret": "314d4829b0edc7fe8a5df8b3ff9451f49765e514",
        "is_verified": false,
        "line_number": 2946,
        "type": "Secret Keyword",
        "verified_result": null,
        "is_secret": false
      },
      {
        "hashed_secret": "58b308a1a0add61043d10fefe18f5326f823f55d",
        "is_verified": false,
        "line_number": 4796,
        "type": "Secret Keyword",
        "verified_result": null,
        "is_secret": false
      },
      {
        "hashed_secret": "65a3e79298528cbaf78a14c2267ac445b93bd9c4",
        "is_verified": false,
        "line_number": 4799,
        "type": "Secret Keyword",
        "verified_result": null,
        "is_secret": false
      },
      {
        "hashed_secret": "0e0b57bd8d12feaa174970b8d9be1ec82640f469",
        "is_verified": false,
        "line_number": 5090,
        "type": "Secret Keyword",
        "verified_result": null,
        "is_secret": false
      },
      {
        "hashed_secret": "88106c56127c829b3906c8e8c7ddcd0a44cc4b1b",
        "is_verified": false,
        "line_number": 5093,
        "type": "Secret Keyword",
        "verified_result": null,
        "is_secret": false
      },
      {
        "hashed_secret": "9eb84c0a4f887e4b253132b992551a077dea616f",
        "is_verified": false,
        "line_number": 17933,
        "type": "Secret Keyword",
        "verified_result": null,
        "is_secret": false
      },
      {
        "hashed_secret": "6452e7c5a42f97b00af1a210afc7d4de315e57ec",
        "is_verified": false,
        "line_number": 20592,
        "type": "Secret Keyword",
        "verified_result": null,
        "is_secret": false
      },
      {
        "hashed_secret": "d506bd5213c46bd49e16c634754ad70113408252",
        "is_verified": false,
        "line_number": 20594,
        "type": "Secret Keyword",
        "verified_result": null,
        "is_secret": false
      },
      {
        "hashed_secret": "0c1a33c26c8e09b7587cf041cf9f9018e7420d40",
        "is_verified": false,
        "line_number": 20831,
        "type": "Secret Keyword",
        "verified_result": null,
        "is_secret": false
      },
      {
        "hashed_secret": "20e0438047329f2ff165b6d2a4c081e42d280a3b",
        "is_verified": false,
        "line_number": 20833,
        "type": "Secret Keyword",
        "verified_result": null,
        "is_secret": false
      }
    ],
    "schematicsv1/schematics_v1_examples_test.go": [
      {
        "hashed_secret": "811424347556b661512671f7a53aafa6aaf03ca2",
        "is_verified": false,
        "line_number": 38,
        "type": "Secret Keyword",
        "verified_result": null,
        "is_secret": false
      },
      {
        "hashed_secret": "455f19ec99322d76909a7c951b8158b8cfa21759",
        "is_verified": false,
        "line_number": 1291,
        "type": "Secret Keyword",
        "verified_result": null,
        "is_secret": false
      }
    ],
    "schematicsv1/schematics_v1_test.go": [
      {
        "hashed_secret": "1f5e25be9b575e9f5d39c82dfd1d9f4d73f1975c",
        "is_verified": false,
        "line_number": 60,
        "type": "Secret Keyword",
        "verified_result": null,
        "is_secret": false
      },
      {
        "hashed_secret": "5abdfef2008ca48935ea230547d44753d2609737",
        "is_verified": false,
        "line_number": 19943,
        "type": "Secret Keyword",
        "verified_result": null,
        "is_secret": false
      },
      {
        "hashed_secret": "cc2f6f9ce917587153d7d982f2e9e3bb62b0c8c6",
        "is_verified": false,
        "line_number": 30337,
        "type": "Secret Keyword",
        "verified_result": null,
        "is_secret": false
      },
      {
        "hashed_secret": "27c6929aef41ae2bcadac15ca6abcaff72cda9cd",
        "is_verified": false,
        "line_number": 31534,
        "type": "Private Key",
        "verified_result": null,
        "is_secret": false
      },
      {
        "hashed_secret": "b5366a2d2ac98dae978423083f8b09e5cddc705d",
        "is_verified": false,
        "line_number": 31766,
        "type": "Secret Keyword",
        "verified_result": null,
        "is_secret": false
      },
      {
        "hashed_secret": "86f528ff713b453058af8e761eac1ab0be09646f",
        "is_verified": false,
        "line_number": 33000,
        "type": "Base64 High Entropy String",
        "verified_result": null,
        "is_secret": false
      }
    ]
  },
  "version": "0.13.1+ibm.64.dss",
  "word_list": {
    "file": null,
    "hash": null
  }
}